// Jest Snapshot v1, https://goo.gl/fbAQLP

exports[`<EmojiSelector /> matches snapshot 1`] = `
ShallowWrapper {
  "length": 1,
  Symbol(enzyme.__root__): [Circular],
  Symbol(enzyme.__unrendered__): <EmojiSelector />,
  Symbol(enzyme.__renderer__): Object {
    "batchedUpdates": [Function],
    "getNode": [Function],
    "render": [Function],
    "simulateEvent": [Function],
    "unmount": [Function],
  },
  Symbol(enzyme.__node__): Object {
    "instance": null,
    "key": undefined,
    "nodeType": "class",
    "props": Object {
      "children": Array [
        <EmojiToggle
          onClick={[Function]}
>
          <span
                    aria-label="toggle emoji"
                    role="img"
          >
                    😃
          </span>
</EmojiToggle>,
        false,
      ],
    },
    "ref": null,
    "rendered": Array [
      Object {
        "instance": null,
        "key": undefined,
        "nodeType": "class",
        "props": Object {
          "children": <span
            aria-label="toggle emoji"
            role="img"
>
            😃
</span>,
          "onClick": [Function],
        },
        "ref": null,
        "rendered": Object {
          "instance": null,
          "key": undefined,
          "nodeType": "host",
          "props": Object {
            "aria-label": "toggle emoji",
            "children": "😃",
            "role": "img",
          },
          "ref": null,
          "rendered": "😃",
          "type": "span",
        },
        "type": [Function],
      },
      false,
    ],
    "type": [Function],
  },
  Symbol(enzyme.__nodes__): Array [
    Object {
      "instance": null,
      "key": undefined,
      "nodeType": "class",
      "props": Object {
        "children": Array [
          <EmojiToggle
            onClick={[Function]}
>
            <span
                        aria-label="toggle emoji"
                        role="img"
            >
                        😃
            </span>
</EmojiToggle>,
          false,
        ],
      },
      "ref": null,
      "rendered": Array [
        Object {
          "instance": null,
          "key": undefined,
          "nodeType": "class",
          "props": Object {
            "children": <span
              aria-label="toggle emoji"
              role="img"
>
              😃
</span>,
            "onClick": [Function],
          },
          "ref": null,
          "rendered": Object {
            "instance": null,
            "key": undefined,
            "nodeType": "host",
            "props": Object {
              "aria-label": "toggle emoji",
              "children": "😃",
              "role": "img",
            },
            "ref": null,
            "rendered": "😃",
            "type": "span",
          },
          "type": [Function],
        },
        false,
      ],
      "type": [Function],
    },
  ],
  Symbol(enzyme.__options__): Object {
    "adapter": ReactSixteenAdapter {
      "options": Object {
        "enableComponentDidUpdateOnSetState": true,
      },
    },
  },
}
`;
