// Jest Snapshot v1, https://goo.gl/fbAQLP

exports[`<RoomItem /> matches snapshot 1`] = `
ShallowWrapper {
  "length": 1,
  Symbol(enzyme.__root__): [Circular],
  Symbol(enzyme.__unrendered__): <RoomItem
    room={
        Object {
            "creator": "tester",
            "id": "id",
            "name": "test room",
          }
    }
/>,
  Symbol(enzyme.__renderer__): Object {
    "batchedUpdates": [Function],
    "getNode": [Function],
    "render": [Function],
    "simulateEvent": [Function],
    "unmount": [Function],
  },
  Symbol(enzyme.__node__): Object {
    "instance": null,
    "key": undefined,
    "nodeType": "class",
    "props": Object {
      "activeClassName": "room-item--active",
      "children": Array [
        "test room",
        <styled.div>
          by 
          tester
</styled.div>,
      ],
      "to": "/id",
    },
    "ref": null,
    "rendered": Array [
      "test room",
      Object {
        "instance": null,
        "key": undefined,
        "nodeType": "class",
        "props": Object {
          "children": Array [
            "by ",
            "tester",
          ],
        },
        "ref": null,
        "rendered": Array [
          "by ",
          "tester",
        ],
        "type": [Function],
      },
    ],
    "type": [Function],
  },
  Symbol(enzyme.__nodes__): Array [
    Object {
      "instance": null,
      "key": undefined,
      "nodeType": "class",
      "props": Object {
        "activeClassName": "room-item--active",
        "children": Array [
          "test room",
          <styled.div>
            by 
            tester
</styled.div>,
        ],
        "to": "/id",
      },
      "ref": null,
      "rendered": Array [
        "test room",
        Object {
          "instance": null,
          "key": undefined,
          "nodeType": "class",
          "props": Object {
            "children": Array [
              "by ",
              "tester",
            ],
          },
          "ref": null,
          "rendered": Array [
            "by ",
            "tester",
          ],
          "type": [Function],
        },
      ],
      "type": [Function],
    },
  ],
  Symbol(enzyme.__options__): Object {
    "adapter": ReactSixteenAdapter {
      "options": Object {
        "enableComponentDidUpdateOnSetState": true,
      },
    },
  },
}
`;
